1
0
1
ASSEMBLY
1
TO_SPECIMEN-1
TO_SPECIMEN
1
TO_SPECIMEN-1
14
-2147483646
0
48 1 16 5 0 1 0 -1 -1 569 1 -1879048189 5 569 
14
48 1 16 5 0 1 0 -1 -1 569 1 -1879048189 1 569 
4
1 1
2 2
3 3
4 4
-2147483647
1
TO_SPECIMEN-1
14
-2147483646
0
48 1 16 5 0 1 0 -1 -1 1775 1 -1879048189 1 1775 
14
48 1 16 5 0 1 0 -1 -1 1775 1 -1879048189 1 1775 
0
12
LOWERLEFTPINHOLE
0
1
0
1
TO_SPECIMEN-1
80
203 209 253 334 382 491 536 580 583 584 596 606 636 639 649 650 651 656 658 661 685 736 858 866 923 933 1009 1012 1067 1070 1072 1073 1085 1087 1088 1091 1094 1096 1099 1100 1101 1105 1109 1114 1115 1117 1128 1133 1134 1136 1143 1145 1153 1154 1158 1164 1165 1170 1177 1178 1182 1183 1185 1227 1228 1270 1284 1417 1458 1470 1472 1476 1479 1480 1495 1501 1502 1523 1628 1771 
0
LOWERRIGHTPINHOLE
0
1
0
1
TO_SPECIMEN-1
80
98 188 207 316 530 615 642 644 645 648 660 691 692 694 741 766 897 899 917 919 921 922 924 925 926 927 931 934 936 945 946 947 950 951 954 955 957 960 970 973 975 978 985 986 988 991 996 1000 1001 1002 1007 1011 1013 1017 1036 1038 1039 1045 1048 1049 1051 1052 1054 1055 1057 1058 1060 1068 1081 1086 1155 1210 1214 1288 1485 1562 1606 1619 1759 1772 
0
UPPERPINHOLE
0
1
0
1
TO_SPECIMEN-1
80
3 80 226 289 374 435 452 620 626 629 673 675 680 690 701 702 787 816 849 852 901 911 915 1102 1104 1112 1130 1179 1189 1191 1192 1193 1194 1195 1198 1201 1203 1209 1212 1213 1215 1217 1221 1222 1226 1231 1233 1238 1239 1240 1242 1243 1244 1249 1255 1258 1259 1265 1272 1274 1281 1282 1283 1292 1295 1296 1298 1299 1301 1310 1314 1317 1318 1323 1326 1333 1335 1341 1350 1359 
0
_LEFTBLOCKBOTTOM_S1
0
2
0
1
TO_SPECIMEN-1
1
1601 
0
_LEFTBLOCKBOTTOM_S3
0
2
0
1
TO_SPECIMEN-1
9
384 630 1119 1156 1286 1478 1482 1757 1765 
0
_LEFTBLOCKBOTTOM_S4
0
2
0
1
TO_SPECIMEN-1
2
1083 1187 
0
_RIGHTBLOCKBOTTOM_S1
0
2
0
1
TO_SPECIMEN-1
1
1412 
0
_RIGHTBLOCKBOTTOM_S3
0
2
0
1
TO_SPECIMEN-1
11
288 320 616 749 938 976 989 1023 1205 1208 1769 
0
_UPPERPINSURFACE_S1
0
2
0
1
TO_SPECIMEN-1
14
816 901 1130 1179 1193 1194 1201 1221 1222 1244 1323 1333 1341 1359 
0
_UPPERPINSURFACE_S2
0
2
0
1
TO_SPECIMEN-1
8
690 1203 1209 1226 1231 1249 1265 1292 
0
_UPPERPINSURFACE_S3
0
2
0
1
TO_SPECIMEN-1
40
289 374 435 452 620 626 673 675 702 787 849 852 911 1112 1189 1191 1192 1195 1198 1213 1215 1217 1233 1238 1239 1240 1242 1243 1255 1258 1259 1274 1295 1296 1298 1299 1301 1314 1317 1318 
0
_UPPERPINSURFACE_S4
0
2
0
1
TO_SPECIMEN-1
18
3 80 226 629 680 701 915 1102 1104 1212 1272 1281 1282 1283 1310 1326 1335 1350 
0
1
TO_SPECIMEN-1
1
ALLCELLS
0
1
14
-2147483647
48 1 16 5 0 1 0 -1 -1 1775 1 -1879048189 1 1775 
0
0
0
5

0
2
0
2

1
4 
TO_SPECIMEN-1
14
-2147483647
48 1 16 5 0 1 0 -1 -1 569 1 -1879048189 5 569 
0
LOWERLEFTPINHOLE
0
1
0
1
TO_SPECIMEN-1
48
35 36 177 178 179 180 181 182 183 184 185 186 187 188 189 190 339 340 341 342 343 344 345 346 347 348 349 350 351 352 353 354 355 356 357 358 359 360 361 362 363 364 365 366 367 368 369 370 
0
LOWERRIGHTPINHOLE
0
1
0
1
TO_SPECIMEN-1
48
37 38 191 192 193 194 195 196 197 198 199 200 201 202 203 204 371 372 373 374 375 376 377 378 379 380 381 382 383 384 385 386 387 388 389 390 391 392 393 394 395 396 397 398 399 400 401 402 
0
UPPERPINHOLE
0
1
0
1
TO_SPECIMEN-1
48
33 34 163 164 165 166 167 168 169 170 171 172 173 174 175 176 307 308 309 310 311 312 313 314 315 316 317 318 319 320 321 322 323 324 325 326 327 328 329 330 331 332 333 334 335 336 337 338 
0
UPPERRP
0
1
1
4 
0
0
2
TO_SPECIMEN-1
2
 P       1
0
2
14
-2147483647
48 1 16 5 0 1 0 -1 -1 569 1 -1879048189 5 569 
0
0
ALLCELLS
0
1
14
-2147483647
48 1 16 5 0 1 0 -1 -1 569 1 -1879048189 5 569 
0
0
0

1
 P       0
0
2
1
4 
0
0
0
0
3
LEFTBLOCKBOTTOM
0
0
0
1
TO_SPECIMEN-1
0
0
3
S3
9
384 630 1119 1156 1286 1478 1482 1757 1765 
S4
2
1083 1187 
S1
1
1601 
RIGHTBLOCKBOTTOM
0
0
0
1
TO_SPECIMEN-1
0
0
2
S3
11
288 320 616 749 938 976 989 1023 1205 1208 1769 
S1
1
1412 
UPPERPINSURFACE
0
0
0
1
TO_SPECIMEN-1
0
0
4
S4
18
3 80 226 629 680 701 915 1102 1104 1212 1272 1281 1282 1283 1310 1326 1335 1350 
S3
40
289 374 435 452 620 626 673 675 702 787 849 852 911 1112 1189 1191 1192 1195 1198 1213 1215 1217 1233 1238 1239 1240 1242 1243 1255 1258 1259 1274 1295 1296 1298 1299 1301 1314 1317 1318 
S2
8
690 1203 1209 1226 1231 1249 1265 1292 
S1
14
816 901 1130 1179 1193 1194 1201 1221 1222 1244 1323 1333 1341 1359 
