 Abaqus/Standard Learning Edition 2025                  DATE 27-Jan-2026 TIME 01:31:01
 SUMMARY OF JOB INFORMATION:
 STEP  INC ATT SEVERE EQUIL TOTAL  TOTAL      STEP       INC OF       DOF    IF
               DISCON ITERS ITERS  TIME/    TIME/LPF    TIME/LPF    MONITOR RIKS
               ITERS               FREQ
   1     1   1     0     2     2  0.100      0.100      0.1000    
   1     2   1     0     2     2  0.200      0.200      0.1000    
   1     3   1     0     2     2  0.350      0.350      0.1500    
   1     4   1     0     2     2  0.575      0.575      0.2250    
   1     5   1     0     2     2  0.913      0.913      0.3375    
   1     6   1     0     2     2  1.00       1.00       0.08750   
   2     1   1     0     1     1  1.10       0.100      0.1000    
   2     2   1     0     1     1  1.20       0.200      0.1000    
   2     3   1     0     1     1  1.35       0.350      0.1500    
   2     4   1     0     1     1  1.58       0.575      0.2250    
   2     5   1     0     1     1  1.91       0.913      0.3375    
   2     6   1     0     1     1  2.00       1.00       0.08750   
   3     1   1     0     2     2  2.05       0.0500     0.05000   
   3     2   1     0     1     1  2.10       0.100      0.05000   
   3     3   1     0     2     2  2.17       0.175      0.07500   
   3     4   1     0     2     2  2.27       0.275      0.1000    
   3     5   1     0     2     2  2.38       0.375      0.1000    
   3     6   1     0     2     2  2.48       0.475      0.1000    
   3     7   1     0     2     2  2.58       0.575      0.1000    
   3     8   1     0     2     2  2.68       0.675      0.1000    
   3     9   1     0     2     2  2.78       0.775      0.1000    
   3    10   1     0     2     2  2.88       0.875      0.1000    
   3    11   1     0     2     2  2.98       0.975      0.1000    
   3    12   1     0     2     2  3.00       1.00       0.02500   
                          
 THE ANALYSIS HAS COMPLETED SUCCESSFULLY
