1
0
1
ASSEMBLY
1
TO_SPECIMEN-1
TO_SPECIMEN
1
TO_SPECIMEN-1
14
-2147483646
0
48 1 16 5 0 1 0 -1 -1 853 1 -1879048189 2 853 
14
48 1 16 5 0 1 0 -1 -1 853 1 -1879048189 1 853 
1
1 1
-2147483647
1
TO_SPECIMEN-1
14
-2147483646
0
48 1 16 5 0 1 0 -1 -1 2940 1 -1879048189 1 2940 
14
48 1 16 5 0 1 0 -1 -1 2940 1 -1879048189 1 2940 
0
7
LOWERLEFTPINHOLE
0
1
0
1
TO_SPECIMEN-1
64
400 405 435 729 730 820 1023 1387 1424 1432 1618 1648 1708 1803 1814 1836 1877 1905 1978 1987 1990 2002 2012 2013 2019 2020 2021 2027 2037 2043 2046 2051 2057 2060 2071 2074 2090 2093 2097 2116 2124 2137 2138 2159 2168 2188 2197 2362 2403 2585 2637 2650 2713 2757 2765 2795 2811 2815 2821 2829 2849 2861 2887 2888 
0
LOWERRIGHTPINHOLE
0
1
0
1
TO_SPECIMEN-1
64
15 182 275 413 517 775 1114 1253 1274 1280 1397 1404 1408 1410 1412 1417 1422 1446 1449 1481 1492 1494 1497 1722 1744 1769 1770 1775 1778 1781 1783 1790 1807 1811 1816 1834 1860 1869 1893 1914 1939 1941 1951 1959 1969 2131 2330 2341 2342 2374 2377 2641 2645 2646 2652 2657 2668 2715 2716 2729 2733 2758 2786 2825 
0
UPPERPINHOLE
0
1
0
1
TO_SPECIMEN-1
64
17 118 176 212 290 428 626 654 690 719 748 918 1148 1161 1237 1240 1243 1246 1317 1403 1431 1464 1473 1504 1513 1516 1522 1533 1536 1537 1538 1539 1540 1545 1550 1552 1553 1558 1560 1561 1563 1576 1579 1580 1581 1585 1596 1600 1601 1609 1613 1614 1631 1647 1703 1730 1737 1932 2232 2246 2249 2279 2385 2776 
0
_UPPERPINSURFACE_S1
0
2
0
1
TO_SPECIMEN-1
4
1161 1553 1558 1737 
0
_UPPERPINSURFACE_S2
0
2
0
1
TO_SPECIMEN-1
4
1516 1540 1550 1563 
0
_UPPERPINSURFACE_S3
0
2
0
1
TO_SPECIMEN-1
47
118 176 428 626 654 690 719 748 918 1148 1237 1240 1243 1246 1317 1403 1431 1464 1473 1504 1513 1522 1533 1536 1537 1538 1539 1545 1552 1561 1579 1581 1585 1596 1600 1601 1609 1613 1631 1647 1703 1932 2232 2246 2279 2385 2776 
0
_UPPERPINSURFACE_S4
0
2
0
1
TO_SPECIMEN-1
9
17 212 290 1560 1576 1580 1614 1730 2249 
0
1
TO_SPECIMEN-1
1
ALLCELLS
0
1
14
-2147483647
48 1 16 5 0 1 0 -1 -1 2940 1 -1879048189 1 2940 
0
0
0
5

0
2
0
2

1
1 
TO_SPECIMEN-1
14
-2147483647
48 1 16 5 0 1 0 -1 -1 853 1 -1879048189 2 853 
0
LOWERLEFTPINHOLE
0
1
0
1
TO_SPECIMEN-1
40
4 5 54 55 56 57 58 59 60 61 62 63 64 65 66 67 298 299 300 301 302 303 304 305 306 307 308 309 310 311 312 313 314 315 316 317 318 319 320 321 
0
LOWERRIGHTPINHOLE
0
1
0
1
TO_SPECIMEN-1
40
2 3 40 41 42 43 44 45 46 47 48 49 50 51 52 53 274 275 276 277 278 279 280 281 282 283 284 285 286 287 288 289 290 291 292 293 294 295 296 297 
0
UPPERPINHOLE
0
1
0
1
TO_SPECIMEN-1
40
38 39 260 261 262 263 264 265 266 267 268 269 270 271 272 273 618 619 620 621 622 623 624 625 626 627 628 629 630 631 632 633 634 635 636 637 638 639 640 641 
0
UPPERRP
0
1
1
1 
0
0
2
TO_SPECIMEN-1
2
 P       1
0
2
14
-2147483647
48 1 16 5 0 1 0 -1 -1 853 1 -1879048189 2 853 
0
0
ALLCELLS
0
1
14
-2147483647
48 1 16 5 0 1 0 -1 -1 853 1 -1879048189 2 853 
0
0
0

1
 P       0
0
2
1
1 
0
0
0
0
1
UPPERPINSURFACE
0
0
0
1
TO_SPECIMEN-1
0
0
4
S4
9
17 212 290 1560 1576 1580 1614 1730 2249 
S3
47
118 176 428 626 654 690 719 748 918 1148 1237 1240 1243 1246 1317 1403 1431 1464 1473 1504 1513 1522 1533 1536 1537 1538 1539 1545 1552 1561 1579 1581 1585 1596 1600 1601 1609 1613 1631 1647 1703 1932 2232 2246 2279 2385 2776 
S2
4
1516 1540 1550 1563 
S1
4
1161 1553 1558 1737 
