============================================
Experiment 8e: API -> Tosca CLI
Started: Thu Feb 19 17:24:39 MST 2026
Node: notch309
============================================
CWD: /uufs/chpc.utah.edu/common/home/u6074059/Abaqus/paper_reproduction/experiment8/run_8e

Abaqus License Manager checked out the following license:
"cae" from Flexnet server ls1.chpc.utah.edu
<5 out of 11 licenses remain available>.

============================================
Exit code: 0
Finished: Thu Feb 19 17:25:02 MST 2026
============================================

Files in run_8e/:
total 237
drwxr-xr-x 2 u6074059 hochhalter  4096 Feb 19 17:25 .
drwxr-xr-x 2 u6074059 hochhalter  4096 Feb 19 17:24 ..
-rw-r--r-- 1 u6074059 hochhalter 11140 Feb 19 17:25 abaqus.rpy
-rw-r--r-- 1 u6074059 hochhalter  4937 Feb 19 17:25 authorization.log
drwxr-xr-x 2 u6074059 hochhalter  4096 Feb 19 17:25 block_8e_tosca
-rw-r--r-- 1 u6074059 hochhalter 76885 Feb 19 17:24 Block_Fallback.inp
-rw-r--r-- 1 u6074059 hochhalter 76742 Feb 19 17:24 Block_flat.inp
-rw-r--r-- 1 u6074059 hochhalter  1848 Feb 19 17:24 Block_opt.par
-rw-r--r-- 1 u6074059 hochhalter 65536 Feb 19 17:25 exp8e.cae
-rw-r--r-- 1 u6074059 hochhalter  4217 Feb 19 17:24 exp8e.jnl

=== abaqus.rpy (script output) ===
# -*- coding: mbcs -*-
#
# Abaqus/CAE Release 2025 replay file
# Internal Version: 2024_09_20-07.00.46 RELr427 198590
# Run by u6074059 on Thu Feb 19 17:24:41 2026
#

# from driverUtils import executeOnCaeGraphicsStartup
# executeOnCaeGraphicsStartup()
#: Executing "onCaeGraphicsStartup()" in the site directory ...
from abaqus import *
from abaqusConstants import *
session.Viewport(name='Viewport: 1', origin=(1.36719, 1.36719), width=201.25, 
    height=135.625)
session.viewports['Viewport: 1'].makeCurrent()
from driverUtils import executeOnCaeStartup
executeOnCaeStartup()
execfile(
    '/uufs/chpc.utah.edu/common/home/u6074059/Abaqus/paper_reproduction/experiment8/scripts/exp8e_par_to_tosca.py', 
    __main__.__dict__)
#: ======================================================================
#:   EXPERIMENT 8e: writeParAndInputFiles() -> Tosca CLI
#:   Mesh: 5.0, CPUs: 1, Max cycles: 20
#: ======================================================================
#: ======================================================================
#:   [1/5] Build model
#: ======================================================================
#:   Model: 945 nodes, 640 elements
#:   Frozen elements: 32
#:   Optimization setup complete
#: ======================================================================
#:   [2/5] writeParAndInputFiles()
#: ======================================================================
#: The model database has been saved to "/uufs/chpc.utah.edu/common/home/u6074059/Abaqus/paper_reproduction/experiment8/run_8e/exp8e.cae".
#: The optimization process "BlockOpt" has been created.
#:   [FAIL] writeParAndInputFiles(): KeyError - 'Block_Proto'
#: Traceback (most recent call last):
#:   File "/uufs/chpc.utah.edu/common/home/u6074059/Abaqus/paper_reproduction/experiment8/scripts/exp8e_par_to_tosca.py", line 152, in <module>
#:     optProcess.writeParAndInputFiles()
#: KeyError: 'Block_Proto'
#: ======================================================================
#:   [3/5] Fallback: writeInput() + manual .par
#: ======================================================================
#:   writeInput() done: Block_Fallback.inp exists: True
#:   Flattened .inp: Block_flat.inp (76742 bytes)
#:   Generated Block_opt.par: 1848 bytes
#: ======================================================================
#:   [4/5] Verify .par content
#: ======================================================================
#:   --- Block_opt.par (1848 bytes) ---
#: ! Experiment 8e: Block Topology Optimization
#: ! Generated by exp8e_par_to_tosca.py (hybrid approach)
#: 
#: FEM_INPUT
#:   ID_NAME                = BLOCK_MODEL
#:   FILE                   = Block_flat.inp
#: END_
#: 
#: DV_TOPO
#:   ID_NAME                = design_variables
#:   EL_GROUP               = ALL_ELEMENTS
#: END_
#: 
#: DVCON_TOPO
#:   ID_NAME                = dvcon_frozen
#:   EL_GROUP               = FrozenElems
#:   CHECK_TYPE             = FROZEN
#: END_
#: 
#: DRESP
#:   ID_NAME                = DRESP_STRAIN_ENERGY
#:   DEF_TYPE               = SYSTEM
#:   TYPE                   = STRAIN_ENERGY
#:   EL_GROUP               = ALL_ELEMENTS
#:   GROUP_OPER             = SUM
#: END_
#: 
#: DRESP
#:   ID_NAME                = DRESP_VOLUME
#:   DEF_TYPE               = SYSTEM
#:   TYPE                   = VOLUME
#:   EL_GROUP               = ALL_ELEMENTS
#:   GROUP_OPER             = SUM
#: END_
#: 
#: OBJ_FUNC
#:   ID_NAME                = min_SE
#:   DRESP                  = DRESP_STRAIN_ENERGY
#:   TARGET                 = MIN
#: END_
#: 
#: CONSTRAINT
#:   ID_NAME                = vol_constraint
#:   DRESP                  = DRESP_VOLUME
#:   MAGNITUDE              = REL
#:   LE_VALUE               = 0.5
#: END_
#: 
#: OPTIMIZE
#:   ID_NAME                = TOPOLOGY_OPT
#:   DV                     = design_variables
#:   OBJ_FUNC               = min_SE
#:   DVCON                  = dvcon_frozen
#:   CONSTRAINT             = vol_constraint
#:   STRATEGY               = TOPO_SENSITIVITY
#: END_
#: 
#: OPT_PARAM
#:   ID_NAME                = OPT_PARAMS
#:   OPTIMIZE               = TOPOLOGY_OPT
#:   TOPO_FILTER_RADIUS     = 10.0
#: END_
#: 
#: STOP
#:   ID_NAME                = global_stop
#:   ITER_MAX               = 20
#: END_
#: 
#: SMOOTH
#:   ID_NAME                = ISO_SMOOTHING
#:   TASK                   = iso
#:   ISO_VALUE              = 0.3
#:   SELF_INTERSECTION_CHECK = runtime
#:   SMOOTH_CYCLES          = 10
#:   REDUCTION_RATE         = 60
#:   REDUCTION_ANGLE        = 5.0
#:   FORMAT                 = stl
#: END_
#:   .inp file: Block_flat.inp (76742 bytes)
#: ======================================================================
#:   [5/5] Run Tosca CLI
#: ======================================================================
#:   Found Tosca via: 'tosca'
#:   Using command: 'tosca'
#:   Par file: Block_opt.par
#:   Inp file: Block_flat.inp
#:   Full command: tosca optimize -j block_8e_tosca -p Block_opt.par -s abaqus -scpus 1
#:   Tosca exit code: 0
#: Tosca                           : /uufs/chpc.utah.edu/sys/installdir/abaqus/2025/linux_a64
#: Tosca Structure Server          : /uufs/chpc.utah.edu/sys/installdir/abaqus/2025/linux_a64/code/bin/SMATocToscaServerMain
#: Environment file                : /uufs/chpc.utah.edu/sys/installdir/abaqus/2025/linux_a64/code/command/tosca_env.sh
#: Python interpreter              : /uufs/chpc.utah.edu/sys/installdir/abaqus/2025/linux_a64/tools/SMApy/python3.10/bin/python
#: Tosca Structure Python launcher : /uufs/chpc.utah.edu/sys/installdir/abaqus/2025/linux_a64/code/python3.10/lib/SMATsoPyControlMain.pyc
#: PATH                            : /uufs/chpc.utah.edu/sys/installdir/abaqus/2025/linux_a64/code/bin:/uufs/chpc.utah.edu/sys/installdir/abaqus/2025/Commands:/uufs/chpc.utah.edu/common/home/u6074059/.local/bin:/uufs/chpc.utah.edu/sys/bin:/usr/share/Modules/bin:/usr/local/bin:/usr/bin:/usr/local/sbin:/usr/sbin:/uufs/notchpeak.peaks/sys/installdir/slurm/std/bin
#: CATInstallPath                  : 
#: LD_LIBRARY_PATH                 : /uufs/chpc.utah.edu/sys/installdir/abaqus/2025/linux_a64/tools/SMApy/python3.10/lib:/uufs/chpc.utah.edu/sys/installdir/abaqus/2025/linux_a64/code/bin:/uufs/chpc.utah.edu/sys/installdir/abaqus/2025/linux_a64/code/bin/SMAExternal//mesa/full:/uufs/chpc.utah.edu/sys/installdir/abaqus/2025:/uufs/chpc.utah.edu/sys/installdir/abaqus/2025/linux_a64:/uufs/chpc.utah.edu/sys/installdir/abaqus/2025/linux_a64/code:/uufs/chpc.utah.edu/sys/installdir/abaqus/2025/linux_a64/code/bin:/uufs/chpc.utah.edu/sys/installdir/abaqus/2025/linux_a64/code/bin/SMAExternal:/uufs/chpc.utah.edu/sys/installdir/abaqus/2025/linux_a64/CAEresources:/uufs/chpc.utah.edu/sys/installdir/abaqus/2025/linux_a64/SMA:/uufs/chpc.utah.edu/sys/installdir/abaqus/2025/linux_a64/code/bin/SMAExternal/Interop:/uufs/chpc.utah.edu/sys/installdir/abaqus/2025/linux_a64/code/bin/SMAExternal/Elysium:/uufs/chpc.utah.edu/sys/installdir/abaqus/2025/linux_a64/tools/SMApy/python3.10:/uufs/chpc.utah.edu/sys/installdir/abaqus/2025/linux_a64/tools/SMApy/python3.10/lib:/uufs/chpc.utah.edu/sys/installdir/abaqus/2025/linux_a64/tools/SMApy/python3.10/lib/python3.10/lib-dynload:/uufs/notchpeak.peaks/sys/installdir/slurm/std/lib:/uufs/notchpeak.peaks/sys/installdir/slurm/std/lib:/uufs/chpc.utah.edu/sys/installdir/abaqus/2025/linux_a64/code/bin/SMAExternal
#: (NOTICE  ) [17:24:43|tosca_driver]  -------------------------------------------------------------------------- 
#: (NOTICE  ) [17:24:43|tosca_driver] |                                                                          |
#: (NOTICE  ) [17:24:43|tosca_driver] |                             Tosca Structure                              |
#: (NOTICE  ) [17:24:43|tosca_driver] |                           3DEXPERIENCE R2025x                            |
#: (NOTICE  ) [17:24:43|tosca_driver] |                                                                          |
#: (NOTICE  ) [17:24:43|tosca_driver]  -------------------------------------------------------------------------- 
#: (NOTICE  ) [17:24:43|tosca_driver] 
#: (NOTICE  ) [17:24:43|tosca_driver] Tosca started at Thu, 19 Feb 2026 17:24:43
#: (NOTICE  ) [17:24:43|tosca_driver] 
#: (NOTICE  ) [17:24:44|tosca_driver] Starting job block_8e_tosca
#: (NOTICE  ) [17:24:44|tosca_driver] Starting Tosca Structure Preprocessor
#: (NOTICE  ) [17:24:45|tosca_driver] Design cycle 0 started on 2026-02-19
#: (NOTICE  ) [17:24:45|tosca_driver] Starting Abaqus analysis - design cycle 0
#: (NOTICE  ) [17:24:49|tosca_driver] Starting Tosca Structure optimization module - design cycle 0
#: (NOTICE  ) [17:24:50|tosca_driver] Design cycle 1 started on 2026-02-19
#: (NOTICE  ) [17:24:50|tosca_driver] Starting Abaqus analysis - design cycle 1
#: (NOTICE  ) [17:24:51|tosca_driver] Starting Tosca Structure optimization module - design cycle 1
#: (NOTICE  ) [17:24:52|tosca_driver] Design cycle 2 started on 2026-02-19
#: (NOTICE  ) [17:24:52|tosca_driver] Starting Abaqus analysis - design cycle 2
#: (NOTICE  ) [17:24:53|tosca_driver] Starting Tosca Structure optimization module - design cycle 2
#: (NOTICE  ) [17:24:54|tosca_driver] Design cycle 3 started on 2026-02-19
#: (NOTICE  ) [17:24:55|tosca_driver] Starting Abaqus analysis - design cycle 3
#: (NOTICE  ) [17:24:55|tosca_driver] Starting Tosca Structure optimization module - design cycle 3
#: (NOTICE  ) [17:24:57|tosca_driver] Design cycle 4 started on 2026-02-19
#: (NOTICE  ) [17:24:57|tosca_driver] Starting Abaqus analysis - design cycle 4
#: (NOTICE  ) [17:24:58|tosca_driver] Starting Tosca Structure optimization module - design cycle 4
#: (NOTICE  ) [17:24:59|tosca_driver] Last design cycle completed
#: (NOTICE  ) [17:24:59|tosca_driver] Stopping solver process
#: (NOTICE  ) [17:25:00|tosca_driver] Starting Tosca Structure report module
#: (NOTICE  ) [17:25:00|tosca_driver] Starting Tosca Structure smooth module
#: (NOTICE  ) [17:25:01|tosca_driver] Application finished successfully
#:   Final files:
#:     Block_Fallback.inp: 76885 bytes
#:     Block_flat.inp: 76742 bytes
#:     Block_opt.par: 1848 bytes
#:     abaqus.rpy: 10114 bytes
#:     abaqus_acis.log: 0 bytes
#:     authorization.log: 4937 bytes
#:     block_8e_tosca/
#:     exp8e.cae: 1048576 bytes
#:     exp8e.jnl: 4217 bytes
#:     exp8e.rec: 614 bytes
#:   Directory: block_8e_tosca/
#:     Block_flat.inp: 76742 bytes
#:     Block_opt.par: 1848 bytes
#:     SAVE.dat/
#:     SAVE.inp/
#:     SAVE.msg/
#:     SAVE.onf/
#:     SAVE.sta/
#:     TOSCA.OUT: 74694 bytes
#:     TOSCA_POST/
#:     fe_mtx_database.idx: 13256 bytes
#:     fe_mtx_database.vtm: 2293760 bytes
#:     opt_res_database.idx: 23608 bytes
#:     opt_res_database.vtm: 6422528 bytes
#:     optimization_report.csv: 426 bytes
#:     optimization_status_all.csv: 1077 bytes
#:     ... and 2 more
#:   STL files found: ['block_8e_tosca/TOSCA_POST/ISO_SMOOTHING.stl']
#: ======================================================================
#:   Experiment 8e COMPLETE (exit code: 0)
#: ======================================================================
print('RT script done')
#: RT script done

=== Block_opt.par ===
! Experiment 8e: Block Topology Optimization
! Generated by exp8e_par_to_tosca.py (hybrid approach)

FEM_INPUT
  ID_NAME                = BLOCK_MODEL
  FILE                   = Block_flat.inp
END_

DV_TOPO
  ID_NAME                = design_variables
  EL_GROUP               = ALL_ELEMENTS
END_

DVCON_TOPO
  ID_NAME                = dvcon_frozen
  EL_GROUP               = FrozenElems
  CHECK_TYPE             = FROZEN
END_

DRESP
  ID_NAME                = DRESP_STRAIN_ENERGY
  DEF_TYPE               = SYSTEM
  TYPE                   = STRAIN_ENERGY
  EL_GROUP               = ALL_ELEMENTS
  GROUP_OPER             = SUM
END_

DRESP
  ID_NAME                = DRESP_VOLUME
  DEF_TYPE               = SYSTEM
  TYPE                   = VOLUME
  EL_GROUP               = ALL_ELEMENTS
  GROUP_OPER             = SUM
END_

OBJ_FUNC
  ID_NAME                = min_SE
  DRESP                  = DRESP_STRAIN_ENERGY
  TARGET                 = MIN
END_

CONSTRAINT
  ID_NAME                = vol_constraint
  DRESP                  = DRESP_VOLUME
  MAGNITUDE              = REL
  LE_VALUE               = 0.5
END_

OPTIMIZE
  ID_NAME                = TOPOLOGY_OPT
  DV                     = design_variables
  OBJ_FUNC               = min_SE
  DVCON                  = dvcon_frozen
  CONSTRAINT             = vol_constraint
  STRATEGY               = TOPO_SENSITIVITY
END_

OPT_PARAM
  ID_NAME                = OPT_PARAMS
  OPTIMIZE               = TOPOLOGY_OPT
  TOPO_FILTER_RADIUS     = 10.0
END_

STOP
  ID_NAME                = global_stop
  ITER_MAX               = 20
END_

SMOOTH
  ID_NAME                = ISO_SMOOTHING
  TASK                   = iso
  ISO_VALUE              = 0.3
  SELF_INTERSECTION_CHECK = runtime
  SMOOTH_CYCLES          = 10
  REDUCTION_RATE         = 60
  REDUCTION_ANGLE        = 5.0
  FORMAT                 = stl
END_

=== Contents of ./block_8e_tosca/ ===
total 21594
drwxr-xr-x 2 u6074059 hochhalter     4096 Feb 19 17:25 .
drwxr-xr-x 2 u6074059 hochhalter     4096 Feb 19 17:25 ..
-rw-r--r-- 1 u6074059 hochhalter    76742 Feb 19 17:24 Block_flat.inp
-rw-r--r-- 1 u6074059 hochhalter     1848 Feb 19 17:24 Block_opt.par
-rw-r--r-- 1 u6074059 hochhalter    13256 Feb 19 17:24 fe_mtx_database.idx
-rw-r--r-- 1 u6074059 hochhalter  2293760 Feb 19 17:24 fe_mtx_database.vtm
-rw-r--r-- 1 u6074059 hochhalter      426 Feb 19 17:24 optimization_report.csv
-rw-r--r-- 1 u6074059 hochhalter     1077 Feb 19 17:24 optimization_status_all.csv
-rw-r--r-- 1 u6074059 hochhalter    23608 Feb 19 17:24 opt_res_database.idx
-rw-r--r-- 1 u6074059 hochhalter  6422528 Feb 19 17:24 opt_res_database.vtm
-rw-r--r-- 1 u6074059 hochhalter    29504 Feb 19 17:24 resume_database.idx
-rw-r--r-- 1 u6074059 hochhalter 13172736 Feb 19 17:24 resume_database.vtm
drwxr-xr-x 2 u6074059 hochhalter     4096 Feb 19 17:25 SAVE.dat
drwxr-xr-x 2 u6074059 hochhalter     4096 Feb 19 17:25 SAVE.inp
drwxr-xr-x 2 u6074059 hochhalter     4096 Feb 19 17:25 SAVE.msg
drwxr-xr-x 2 u6074059 hochhalter     4096 Feb 19 17:25 SAVE.onf
drwxr-xr-x 2 u6074059 hochhalter     4096 Feb 19 17:25 SAVE.sta
-rw-r--r-- 1 u6074059 hochhalter    74694 Feb 19 17:25 TOSCA.OUT
drwxr-xr-x 2 u6074059 hochhalter     4096 Feb 19 17:25 TOSCA_POST
STL found: ./block_8e_tosca/TOSCA_POST/ISO_SMOOTHING.stl
=== ./block_8e_tosca/TOSCA.OUT (last 50 lines) ===
(INFO    ) [17:25:00|abaqus] End SIM Wrap-up
(INFO    ) [17:25:00|abaqus] Abaqus JOB Block_flat COMPLETED
(NOTICE  ) [17:25:00|tosca_driver] Starting Tosca Structure report module
(INFO    ) [17:25:00|tosca_driver] Calling: /uufs/chpc.utah.edu/sys/installdir/abaqus/2025/linux_a64/code/bin/SMATrtReportMain --loglevel INFO --add_user_data 001_OBJ_FUNC_REPORT_1.conf,001_OBJ_FUNC_REPORT_1.tab,002_CONSTR_VAL_REPORT_1.conf,002_CONSTR_VAL_REPORT_1.tab,003_CONSTR_VAL_NORM_REPORT_1.conf,003_CONSTR_VAL_NORM_REPORT_1.tab,004_VAR_DRESP_VAL_REPORT.conf,004_VAR_DRESP_VAL_REPORT.tab,005_VAR_DRESP_VAL_REPORT.conf,005_VAR_DRESP_VAL_REPORT.tab,006_VAR_DRESP_VAL_REPORT.conf,006_VAR_DRESP_VAL_REPORT.tab --input_file /uufs/chpc.utah.edu/common/home/u6074059/Abaqus/paper_reproduction/experiment8/run_8e/block_8e_tosca/TOSCA_POST/block_8e_tosca_ALL_ELEMENTS_report.par
(INFO    ) [17:25:00|report] SIMULIA Tosca Structure.report - version 3DEXPERIENCE R2025x - build R427 - 20240925T190012Z 64 bit
(INFO    ) [17:25:00|report] Checked out 2 tokens tosca_report from 27004@ls1.chpc.utah.edu,27004@ls2.chpc.utah.edu,27004@ls3.chpc.utah.edu
(INFO    ) [17:25:00|report] Creating vtfx file "TOSCA_POST/block_8e_tosca_ALL_ELEMENTS_report.vtfx"
(INFO    ) [17:25:00|report] VTFx file "TOSCA_POST/block_8e_tosca_ALL_ELEMENTS_report.vtfx" with results has been successfully created
(INFO    ) [17:25:00|report] SIMULIA Tosca Structure.report finished successfully
(INFO    ) [17:25:00|tosca_driver] Module SMATrtReportMain has finished with exit code 0
(INFO    ) [17:25:00|tosca_driver] Number of smooth commands found: 1
(NOTICE  ) [17:25:00|tosca_driver] Starting Tosca Structure smooth module
(INFO    ) [17:25:00|tosca_driver] Calling: /uufs/chpc.utah.edu/sys/installdir/abaqus/2025/linux_a64/code/bin/SMATrtTStructSmoothMain --loglevel INFO /uufs/chpc.utah.edu/common/home/u6074059/Abaqus/paper_reproduction/experiment8/run_8e/block_8e_tosca/TOSCA_POST/ISO_SMOOTHING
(INFO    ) [17:25:00|smooth] SIMULIA Tosca Structure.smooth - version 3DEXPERIENCE R2025x - build R427 - 20240925T190012Z 64 bit
(INFO    ) [17:25:00|smooth] Checked out 2 tokens tosca_smooth from 27004@ls1.chpc.utah.edu,27004@ls2.chpc.utah.edu,27004@ls3.chpc.utah.edu
(INFO    ) [17:25:00|smooth] Processing SMOOTH task: ISO_SMOOTHING
(INFO    ) [17:25:00|smooth] Preparations for isocut finished
(INFO    ) [17:25:00|smooth] ISO cut surface generation finished
(INFO    ) [17:25:00|smooth] Surface generation finished
(INFO    ) [17:25:00|smooth] Model data released
(INFO    ) [17:25:00|smooth] Surface orientation test finished
(INFO    ) [17:25:00|smooth] Performing 10 cycles of smoothing (type=Border), 0 nodes are checked...
(INFO    ) [17:25:00|smooth] Performing 10 cycles of smoothing (type=Laplace), 0 nodes are checked...
(INFO    ) [17:25:00|smooth] Smoothing finished
(INFO    ) [17:25:00|smooth] Maximal reduction rate 56%% instead of 60%% is attained, no node can be chosen for reduction
(INFO    ) [17:25:00|smooth] Reduction finished
(INFO    ) [17:25:00|smooth] Isosurface successfully generated:
(INFO    ) [17:25:00|smooth] - isovalue: 0.300
(INFO    ) [17:25:00|smooth] - relative volume: 100.0%
(INFO    ) [17:25:00|smooth] Writing to TOSCA_POST/ISO_SMOOTHING.stl
(INFO    ) [17:25:00|smooth] SMOOTH task with ID_NAME = "ISO_SMOOTHING" finished successfully.
(INFO    ) [17:25:00|smooth] SIMULIA Tosca Structure.smooth finished
(INFO    ) [17:25:00|tosca_driver] Module SMATrtTStructSmoothMain has finished with exit code 0
(NOTICE  ) [17:25:01|tosca_driver] Application finished successfully
(INFO    ) [17:25:01|tosca_driver] --------------------------------------------------------------------------------------------------------------
(INFO    ) [17:25:01|tosca_driver] Time consumption overview table
(INFO    ) [17:25:01|tosca_driver] --------------------------------------------------------------------------------------------------------------
(INFO    ) [17:25:01|tosca_driver] Cumulative elapsed time for module       opt_res_export_tool: 0:00:01.006283 - 5.896% (6 calls)
(INFO    ) [17:25:01|tosca_driver] Cumulative elapsed time for module                    smooth: 0:00:00.323614 - 1.896% (1 calls)
(INFO    ) [17:25:01|tosca_driver] Cumulative elapsed time for module                    report: 0:00:00.343202 - 2.011% (1 calls)
(INFO    ) [17:25:01|tosca_driver] Cumulative elapsed time for module                odb_to_vtm: 0:00:01.719182 - 10.072% (5 calls)
(INFO    ) [17:25:01|tosca_driver] Cumulative elapsed time for module                 tosca_opt: 0:00:05.766678 - 33.786% (5 calls)
(INFO    ) [17:25:01|tosca_driver] Cumulative elapsed time for module                tosca_prep: 0:00:01.045506 - 6.126% (1 calls)
(INFO    ) [17:25:01|tosca_driver] Cumulative elapsed time for module                 fem_modif: 0:00:00.060126 - 0.352% (1 calls)
(INFO    ) [17:25:01|tosca_driver] Cumulative elapsed time for module                fem_to_onf: 0:00:00.056947 - 0.334% (1 calls)
(INFO    ) [17:25:01|tosca_driver] Cumulative elapsed time for module               fem_include: 0:00:00.051123 - 0.300% (1 calls)
(INFO    ) [17:25:01|tosca_driver] Cumulative elapsed time for fe-solver                 Abaqus: 0:00:04.944960 - 28.972% (1 calls)
(INFO    ) [17:25:01|tosca_driver] Total elapsed time for this script                          : 0:00:01.750467 - 10.256%
(INFO    ) [17:25:01|tosca_driver] Total elapsed time of Tosca Structure                       : 0:00:17.068088 - Current time 17:25:01.091910
(INFO    ) [17:25:01|tosca_driver] --------------------------------------------------------------------------------------------------------------
