============================================
Experiment 8a: Model Validation + Static FEA
Started: Thu Feb 19 17:08:08 MST 2026
Node: notch309
============================================
CWD: /uufs/chpc.utah.edu/common/home/u6074059/Abaqus/paper_reproduction/experiment8/run_8a

Abaqus License Manager checked out the following license:
"cae" from Flexnet server ls1.chpc.utah.edu
<4 out of 11 licenses remain available>.

============================================
Exit code: 0
Finished: Thu Feb 19 17:08:16 MST 2026
============================================

Files in run_8a/:
total 580
drwxr-xr-x 2 u6074059 hochhalter   4096 Feb 19 17:08 .
drwxr-xr-x 2 u6074059 hochhalter   4096 Feb 19 17:08 ..
-rw-r--r-- 1 u6074059 hochhalter   3108 Feb 19 17:08 abaqus.rpy
-rwxr--r-- 1 u6074059 hochhalter   3390 Feb 19 17:08 Block_Analysis.com
-rw-r--r-- 1 u6074059 hochhalter   9665 Feb 19 17:08 Block_Analysis.dat
-rw-r--r-- 1 u6074059 hochhalter  76832 Feb 19 17:08 Block_Analysis.inp
-rwxr-xr-x 1 u6074059 hochhalter    701 Feb 19 17:08 Block_Analysis.log
-rw-r--r-- 1 u6074059 hochhalter   7838 Feb 19 17:08 Block_Analysis.msg
-rw-r--r-- 1 u6074059 hochhalter 423048 Feb 19 17:08 Block_Analysis.odb
-rw-r--r-- 1 u6074059 hochhalter   1066 Feb 19 17:08 Block_Analysis.prt
-rw-r--r-- 1 u6074059 hochhalter    435 Feb 19 17:08 Block_Analysis.sta
-rw-r--r-- 1 u6074059 hochhalter  61440 Feb 19 17:08 exp8a.cae
-rw-r--r-- 1 u6074059 hochhalter   3034 Feb 19 17:08 exp8a.jnl

=== abaqus.rpy (script output) ===
# -*- coding: mbcs -*-
#
# Abaqus/CAE Release 2025 replay file
# Internal Version: 2024_09_20-07.00.46 RELr427 198590
# Run by u6074059 on Thu Feb 19 17:08:10 2026
#

# from driverUtils import executeOnCaeGraphicsStartup
# executeOnCaeGraphicsStartup()
#: Executing "onCaeGraphicsStartup()" in the site directory ...
from abaqus import *
from abaqusConstants import *
session.Viewport(name='Viewport: 1', origin=(1.36719, 1.36719), width=201.25, 
    height=135.625)
session.viewports['Viewport: 1'].makeCurrent()
from driverUtils import executeOnCaeStartup
executeOnCaeStartup()
execfile(
    '/uufs/chpc.utah.edu/common/home/u6074059/Abaqus/paper_reproduction/experiment8/scripts/exp8a_model_and_analysis.py', 
    __main__.__dict__)
#: ======================================================================
#:   EXPERIMENT 8a: Model Validation + Static Analysis
#:   Mesh size: 5.0
#: ======================================================================
#: ======================================================================
#:   [1/7] Create model and part
#: ======================================================================
#:   Part 'Block' created: 100x40x20 mm
#: ======================================================================
#:   [2/7] Create sets and surfaces
#: ======================================================================
#:   Sets: AllCells, FixedFace
#:   Surfaces: LoadSurface
#: ======================================================================
#:   [3/7] Material and section
#: ======================================================================
#:   Material 'Steel': E=210000 MPa, nu=0.3, rho=7.85e-9 tonne/mm^3
#:   Section assigned to AllCells
#: ======================================================================
#:   [4/7] Assembly
#: ======================================================================
#:   Instance 'Block-1' created (dependent=ON)
#: ======================================================================
#:   [5/7] Step, output, BC, load
#: ======================================================================
#:   StaticStep 'LoadStep' created
#:   Field output request created
#:   Encastre BC on x=0 face
#:   Pressure load (1.0 MPa) on x=100 face
#: ======================================================================
#:   [6/7] Mesh
#: ======================================================================
#:   Mesh generated: 945 nodes, 640 elements
#: ======================================================================
#:   [7/7] Submit job
#: ======================================================================
#:   Submitting 'Block_Analysis'...
#:   Job completed.
#:   Block_Analysis.odb exists (423048 bytes)
#:   No errors in .dat file
#: The model database has been saved to "/uufs/chpc.utah.edu/common/home/u6074059/Abaqus/paper_reproduction/experiment8/run_8a/exp8a.cae".
#: ======================================================================
#:   Experiment 8a COMPLETE
#: ======================================================================
print('RT script done')
#: RT script done

=== Block_Analysis.dat (last 50 lines) ===
 PROCESS      FLOATING PT       MINIMUM MEMORY        MEMORY TO
              OPERATIONS           REQUIRED          MINIMIZE I/O
             PER ITERATION           (MB)               (MB)
  
     1          9.83E+07               18                 30
  
 NOTE:
      (1) SINCE ABAQUS DOES NOT PRE-ALLOCATE MEMORY AND ONLY ALLOCATES MEMORY AS NEEDED DURING THE ANALYSIS,
          THE MEMORY REQUIREMENT PRINTED HERE CAN ONLY BE VIEWED AS A GENERAL GUIDELINE BASED ON THE BEST
          KNOWLEDGE AVAILABLE AT THE BEGINNING OF A STEP BEFORE THE SOLUTION PROCESS HAS BEGUN.
      (2) THE ESTIMATE IS NORMALLY UPDATED AT THE BEGINNING OF EVERY STEP. IT IS THE MAXIMUM VALUE OF THE
          ESTIMATE FROM THE CURRENT STEP TO THE LAST STEP OF THE ANALYSIS, WITH UNSYMMETRIC SOLUTION TAKEN
          INTO ACCOUNT IF APPLICABLE. 
      (3) SINCE THE ESTIMATE IS BASED ON THE ACTIVE DEGREES OF FREEDOM IN THE FIRST ITERATION OF THE 
          CURRENT STEP, THE MEMORY ESTIMATE MIGHT BE SIGNIFICANTLY DIFFERENT THAN ACTUAL USAGE FOR 
          PROBLEMS WITH SUBSTANTIAL CHANGES IN ACTIVE DEGREES OF FREEDOM BETWEEN STEPS (OR EVEN WITHIN
          THE SAME STEP). EXAMPLES ARE: PROBLEMS WITH SIGNIFICANT CONTACT CHANGES, PROBLEMS WITH MODEL
          CHANGE, PROBLEMS WITH BOTH STATIC STEP AND STEADY STATE DYNAMIC PROCEDURES WHERE ACOUSTIC 
          ELEMENTS WILL ONLY BE ACTIVATED IN THE STEADY STATE DYNAMIC STEPS.
      (4) FOR MULTI-PROCESS EXECUTION, THE ESTIMATED VALUE OF FLOATING POINT OPERATIONS FOR EACH PROCESS
          IS BASED ON AN INITIAL SCHEDULING OF OPERATIONS AND MIGHT NOT REFLECT THE ACTUAL FLOATING 
          POINT OPERATIONS COMPLETED ON EACH PROCESS. OPERATIONS ARE DYNAMICALLY BALANCED DURING EXECUTION, 
          SO THE ACTUAL BALANCE OF OPERATIONS BETWEEN PROCESSES IS EXPECTED TO BE BETTER THAN THE ESTIMATE
          PRINTED HERE.
      (5) THE UPPER LIMIT OF MEMORY THAT CAN BE ALLOCATED BY ABAQUS WILL IN GENERAL DEPEND ON THE VALUE OF
          THE "MEMORY" PARAMETER AND THE AMOUNT OF PHYSICAL MEMORY AVAILABLE ON THE MACHINE. PLEASE SEE
          THE "ABAQUS ANALYSIS USER'S MANUAL" FOR MORE DETAILS. THE ACTUAL USAGE OF MEMORY AND OF DISK
          SPACE FOR SCRATCH DATA WILL DEPEND ON THIS UPPER LIMIT AS WELL AS THE MEMORY REQUIRED TO MINIMIZE
          I/O. IF THE MEMORY UPPER LIMIT IS GREATER THAN THE MEMORY REQUIRED TO MINIMIZE I/O, THEN THE ACTUAL
          MEMORY USAGE WILL BE CLOSE TO THE ESTIMATED "MEMORY TO MINIMIZE I/O" VALUE, AND THE SCRATCH DISK
          USAGE WILL BE CLOSE-TO-ZERO; OTHERWISE, THE ACTUAL MEMORY USED WILL BE CLOSE TO THE PREVIOUSLY
          MENTIONED MEMORY LIMIT, AND THE SCRATCH DISK USAGE WILL BE ROUGHLY PROPORTIONAL TO THE DIFFERENCE
          BETWEEN THE ESTIMATED "MEMORY TO MINIMIZE I/O" AND THE MEMORY UPPER LIMIT. HOWEVER ACCURATE
          ESTIMATE OF THE SCRATCH DISK SPACE IS NOT POSSIBLE.
      (6) USING "*RESTART, WRITE" CAN GENERATE A LARGE AMOUNT OF DATA WRITTEN IN THE WORK DIRECTORY.


          THE ANALYSIS HAS BEEN COMPLETED



                              ANALYSIS COMPLETE



     JOB TIME SUMMARY
       USER TIME (SEC)      =     0.17    
       SYSTEM TIME (SEC)    =     5.00E-02
       TOTAL CPU TIME (SEC) =     0.22    
       WALLCLOCK TIME (SEC) =            1

=== Block_Analysis.msg (last 30 lines) ===


          THE ANALYSIS HAS BEEN COMPLETED



     ANALYSIS SUMMARY:
     TOTAL OF          1  INCREMENTS
                       0  CUTBACKS IN AUTOMATIC INCREMENTATION
                       1  ITERATIONS INCLUDING CONTACT ITERATIONS IF PRESENT
                       1  PASSES THROUGH THE EQUATION SOLVER OF WHICH 
                       1  INVOLVE MATRIX DECOMPOSITION, INCLUDING
                       0  DECOMPOSITION(S) OF THE MASS MATRIX
                       1  REORDERING OF EQUATIONS TO MINIMIZE WAVEFRONT
                       0  ADDITIONAL RESIDUAL EVALUATIONS FOR LINE SEARCHES
                       0  ADDITIONAL OPERATOR EVALUATIONS FOR LINE SEARCHES
                       0  WARNING MESSAGES DURING USER INPUT PROCESSING
                       0  WARNING MESSAGES DURING ANALYSIS
                       0  ANALYSIS WARNINGS ARE NUMERICAL PROBLEM MESSAGES
                       0  ANALYSIS WARNINGS ARE NEGATIVE EIGENVALUE MESSAGES
                       0  ERROR MESSAGES



     JOB TIME SUMMARY
       USER TIME (SEC)      =     0.17    
       SYSTEM TIME (SEC)    =     5.00E-02
       TOTAL CPU TIME (SEC) =     0.22    
       WALLCLOCK TIME (SEC) =            1
       MEMORY PEAK (GB)     =            0
