============================================
Experiment 10: Stress-Constrained TO
Started: Thu Feb 26 18:12:56 MST 2026
Node: notch309
Mesh size: 3.0 mm
CPUs: 4
Max cycles: 20
Stress limit: 800.0 MPa
============================================

--- Environment ---
/uufs/chpc.utah.edu/sys/installdir/abaqus/2025/Commands/abaqus
abaqus: Abaqus JOB abaqus
/uufs/chpc.utah.edu/sys/installdir/abaqus/2025/Commands/tosca
tosca: found
/usr/bin/Xvfb
Xvfb: found

============================================
STEP 1: Optimization pipeline (noGUI)
============================================
Abaqus License Manager checked out the following license:
"cae" from Flexnet server ls1.chpc.utah.edu
<8 out of 11 licenses remain available>.

Step 1 exit code: 0

--- Files in work directory ---
total 11965
drwxr-xr-x 2 u6074059 hochhalter    4096 Feb 26 18:20 .
drwxr-xr-x 2 u6074059 hochhalter    4096 Feb 26 18:12 ..
-rw-r--r-- 1 u6074059 hochhalter   13004 Feb 26 18:20 abaqus.rpy
-rw-r--r-- 1 u6074059 hochhalter    4933 Feb 26 18:20 authorization.log
-rw-r--r-- 1 u6074059 hochhalter 6114925 Feb 26 18:13 Exp10_FEA_flat.inp
-rw-r--r-- 1 u6074059 hochhalter 6115443 Feb 26 18:13 Exp10_FEA.inp
-rw-r--r-- 1 u6074059 hochhalter    2073 Feb 26 18:13 Exp10_TO.par
drwxr-xr-x 2 u6074059 hochhalter    4096 Feb 26 18:20 exp10_tosca

--- Tosca output directory ---
total 72685
drwxr-xr-x 2 u6074059 hochhalter     4096 Feb 26 18:20 .
drwxr-xr-x 2 u6074059 hochhalter     4096 Feb 26 18:20 ..
-rw-r--r-- 1 u6074059 hochhalter  6114925 Feb 26 18:13 Exp10_FEA_flat.inp
-rw-r--r-- 1 u6074059 hochhalter     2073 Feb 26 18:13 Exp10_TO.par
-rw-r--r-- 1 u6074059 hochhalter    13664 Feb 26 18:20 fe_mtx_database.idx
-rw-r--r-- 1 u6074059 hochhalter  3407872 Feb 26 18:20 fe_mtx_database.vtm
-rw-r--r-- 1 u6074059 hochhalter     1058 Feb 26 18:20 optimization_report.csv
-rw-r--r-- 1 u6074059 hochhalter     2530 Feb 26 18:20 optimization_status_all.csv
-rw-r--r-- 1 u6074059 hochhalter    44104 Feb 26 18:20 opt_res_database.idx
-rw-r--r-- 1 u6074059 hochhalter 28114944 Feb 26 18:20 opt_res_database.vtm
-rw-r--r-- 1 u6074059 hochhalter    42336 Feb 26 18:20 resume_database.idx
-rw-r--r-- 1 u6074059 hochhalter 36503552 Feb 26 18:20 resume_database.vtm
drwxr-xr-x 2 u6074059 hochhalter     4096 Feb 26 18:20 SAVE.dat
drwxr-xr-x 2 u6074059 hochhalter     4096 Feb 26 18:20 SAVE.inp
drwxr-xr-x 2 u6074059 hochhalter     4096 Feb 26 18:20 SAVE.msg
drwxr-xr-x 2 u6074059 hochhalter     4096 Feb 26 18:20 SAVE.onf
drwxr-xr-x 2 u6074059 hochhalter     4096 Feb 26 18:20 SAVE.sta
-rw-r--r-- 1 u6074059 hochhalter   180142 Feb 26 18:20 TOSCA.OUT
drwxr-xr-x 2 u6074059 hochhalter     4096 Feb 26 18:20 TOSCA_POST
Total files in exp10_tosca/: 17

STL files found: 1
-rw-r--r-- 1 u6074059 hochhalter 514352 Feb 26 18:20 /uufs/chpc.utah.edu/common/home/u6074059/Abaqus/paper_reproduction/experiment10/run/exp10_tosca/TOSCA_POST/ISO_SMOOTHING.stl

============================================
STEP 2: Visualization (Xvfb)
============================================
Xvfb started on :512 (PID=631798)
Abaqus License Manager checked out the following license:
"cae" from Flexnet server ls1.chpc.utah.edu
<8 out of 11 licenses remain available>.
X Error: code 2 major 150 minor 3: BadValue (integer parameter out of range for operation).

Warning: There was a problem creating an OpenGL feedback context for printing.
If you encounter any problems with printing, verify that indirect GLX context
creation is enabled on your X server. For more information on indirect / direct
GLX context and how to enable indirect GLX context creation, see Knowledge Base
article QA00000043316
X Error: code 8 major 130 minor 3: BadMatch (invalid parameter attributes).
X Error: code 8 major 130 minor 3: BadMatch (invalid parameter attributes).
X Error: code 8 major 130 minor 3: BadMatch (invalid parameter attributes).
X Error: code 8 major 130 minor 3: BadMatch (invalid parameter attributes).

*** ABAQUS/ABQcaeK rank 0 terminated by signal 15


*** ABAQUS/ABQcaeG rank 0 terminated by signal 15

*** ERROR CATEGORY:  CAE

*** ERROR CATEGORY:  ABQcaeG

Abaqus Error: Abaqus/CAE Kernel exited with an error code -15 (-0XF).

Step 2 exit code: 124
WARNING: Visualization timed out (180s)

============================================
RESULTS SUMMARY
============================================

--- Optimization outputs ---
  Exp10_FEA_flat.inp: 6114925 bytes
  Exp10_FEA.inp: 6115443 bytes
  Exp10_TO.par: 2073 bytes

--- Visualization images ---
  displacement_magnitude.png: 52628 bytes
  stress_mises.png: 60322 bytes
  Images: 2

--- STL outputs ---
  /uufs/chpc.utah.edu/common/home/u6074059/Abaqus/paper_reproduction/experiment10/run/exp10_tosca/TOSCA_POST/ISO_SMOOTHING.stl

============================================
Experiment 10 finished: Thu Feb 26 18:23:44 MST 2026
Step 1 (optimization) exit: 0
============================================
