============================================
Experiment 6: Diagnostic Run
Started: Thu Feb 19 12:17:21 MST 2026
Node: notch308
============================================

which abaqus: /uufs/chpc.utah.edu/sys/installdir/abaqus/2025/Commands/abaqus
which tosca: /uufs/chpc.utah.edu/sys/installdir/abaqus/2025/Commands/tosca

Abaqus License Manager checked out the following license:
"cae" from Flexnet server ls1.chpc.utah.edu
<4 out of 11 licenses remain available>.

*** ABAQUS/ABQcaeK rank 0 terminated by signal 11

*** ERROR CATEGORY:  CAE

Abaqus Error: cae exited with an error code -11 (-0XB).

============================================
Exit code: 1
============================================

All files in working directory:
0	./abaqus_acis.log
3940	./abaqus.rpy
61	./abaqus_v6.env
3054	./ABQcaeK.00.324023.exception
1048576	./SimpleTO.cae
76939	./SimpleTO_FEA.inp
4390	./SimpleTO.jnl
412	./SimpleTO.rec

All directories:
.
./chpc
./outputs
./scripts

=== ./SimpleTO_FEA.inp (first 50 lines) ===
*Heading
** Job name: SimpleTO_FEA Model name: SimpleTO
** Generated by: Abaqus/CAE 2025
*Preprint, echo=NO, model=NO, history=NO, contact=NO
**
** PARTS
**
*Part, name=Block
*Node
      1,         100.,          40.,          20.
      2,         100.,          35.,          20.
      3,         100.,          30.,          20.
      4,         100.,          25.,          20.
      5,         100.,          20.,          20.
      6,         100.,          15.,          20.
      7,         100.,          10.,          20.
      8,         100.,           5.,          20.
      9,         100.,           0.,          20.
     10,         100.,          40.,          15.
     11,         100.,          35.,          15.
     12,         100.,          30.,          15.
     13,         100.,          25.,          15.
     14,         100.,          20.,          15.
     15,         100.,          15.,          15.
     16,         100.,          10.,          15.
     17,         100.,           5.,          15.
     18,         100.,           0.,          15.
     19,         100.,          40.,          10.
     20,         100.,          35.,          10.
     21,         100.,          30.,          10.
     22,         100.,          25.,          10.
     23,         100.,          20.,          10.
     24,         100.,          15.,          10.
     25,         100.,          10.,          10.
     26,         100.,           5.,          10.
     27,         100.,           0.,          10.
     28,         100.,          40.,           5.
     29,         100.,          35.,           5.
     30,         100.,          30.,           5.
     31,         100.,          25.,           5.
     32,         100.,          20.,           5.
     33,         100.,          15.,           5.
     34,         100.,          10.,           5.
     35,         100.,           5.,           5.
     36,         100.,           0.,           5.
     37,         100.,          40.,           0.
     38,         100.,          35.,           0.
     39,         100.,          30.,           0.
     40,         100.,          25.,           0.
     41,         100.,          20.,           0.
... (1667 total lines)

=== ./ABQcaeK.00.324023.exception ===
<Description>
      ABAQUS/ABQcaeK rank 0 encountered a SEGMENTATION VIOLATION referencing location (nil)

</Description>


<Context>
   CAE
</Context>


<Memory>
   <Current>            0 GB </Current>
   <Resident>           0 GB </Resident>
   <Physical>         377 GB </Physical>
   <Limit>              0 GB </Limit>
   <Accessible>       377 GB </Accessible>
   <Free>             327 GB </Free>
   <Allocator>            DL </Allocator>
   <HugePages>         never </HugePages>
</Memory>

<Swap>
       <Size>          95 GB </Size>
       <Used>           0 GB </Used>
       <Free>          95 GB </Free>
</Swap>

<Directories>
  <current> /uufs/chpc.utah.edu/common/home/u6074059/Abaqus/paper_reproduction/experiment6 </current> <free>   8112 GB </free>   <used>  66393 GB </used> 
</Directories>

<Installation>
     <Version> 2025 2025 </Version>
       <Build> 2024_09_20-07.00.46 RELr427 198590 </Build>
</Installation>

<Callstack>
   1) libABQSMACcoAttributesGuiCommon.so 0x000ba490 ! cow_Virtual<ajbC_Job>::Copy ??:?
   2) libABQSMACcoAttributesGuiCommon.so 0x000bb72b ! cow_COW<ajbC_Job, cow_Virtual<ajbC_Job> >::Get ??:?
   3) libABQSMACcoAttributesGuiCommon.so 0x000c5906 ! mdl_MapOfCowsRepository<cow_String, ajbC_Job>::Get ??:?
   4) libABQSMACkeCaeKerProcedures.so 0x003fad0f ! ajbK_OptimizationIntObj::Submit ??:?
   5) libABQSMAPybPyoModule.so   0x0005479d ! pyo_Method::Makecall ??:?
   6) libpython3.10.so           0x00152c71 ! _PyObject_MakeTpCall ??:?
   7) libpython3.10.so           0x00094c51 ! _PyEval_EvalFrameDefault ??:?
   8) libpython3.10.so           0x00157f18 ! _PyEval_Vector   ??:?
   9) libpython3.10.so           0x00158131 ! PyEval_EvalCode  ??:?
  10) libpython3.10.so           0x001325f9 ! PyBlake2_blake2s ??:?
  11) libpython3.10.so           0x001ed2b8 ! PyBuffer_ToContiguous ??:?
  12) libpython3.10.so           0x0009310b ! _PyEval_EvalFrameDefault ??:?
  13) libpython3.10.so           0x00157f18 ! _PyEval_Vector   ??:?
  14) libpython3.10.so           0x0009310b ! _PyEval_EvalFrameDefault ??:?
  15) libpython3.10.so           0x00157f18 ! _PyEval_Vector   ??:?
  16) libpython3.10.so           0x00158131 ! PyEval_EvalCode  ??:?
  17) libpython3.10.so           0x002481f4 ! PyOS_double_to_string ??:?
  18) libpython3.10.so           0x002483fc ! PyOS_double_to_string ??:?
  19) libpython3.10.so           0x0024ab68 ! PyRun_StringFlags ??:?
  20) libABQSMAPybPyoModule.so   0x00058080 ! pyo_NameSpace::ExecExpression ??:?
  21) libABQSMAInbVwrPyUtils.so  0x0000cea7 ! pyt_InterpreterRole::RunCommand ??:?
  22) libABQSMAInkVwrKer.so      0x0016f598 ! cmdK_CommandDeliveryPrv::ProcessCommand ??:?
  23) libABQSMAInkVwrKer.so      0x00175039 ! cmdK_CommandDeliveryRole::ProcessCommandInternal ??:?
  24) libABQSMAInkVwrKer.so      0x00218dcf ! ker_KernelActor::Main ??:?
  25) libABQSMAInkVwrKer.so      0x0022b7bf ! ker_main         ??:?
  26) ABQcaeK                    0x0042ff12 ! ABQmain          ??:?
  27) ABQcaeK                    0x0042f4a7 ! main             ??:?
</Callstack>


=== ./outputs/ABQcaeK.00.2111378.exception ===
<Description>
      ABAQUS/ABQcaeK rank 0 encountered a SEGMENTATION VIOLATION referencing location (nil)

</Description>


<Context>
   CAE
</Context>


<Memory>
   <Current>            0 GB </Current>
   <Resident>           0 GB </Resident>
   <Physical>         377 GB </Physical>
   <Limit>              0 GB </Limit>
   <Accessible>       377 GB </Accessible>
   <Free>             321 GB </Free>
   <Allocator>            DL </Allocator>
   <HugePages>         never </HugePages>
</Memory>

<Swap>
       <Size>          95 GB </Size>
       <Used>           0 GB </Used>
       <Free>          95 GB </Free>
</Swap>

<Directories>
  <current> /uufs/chpc.utah.edu/common/home/u6074059/Abaqus/paper_reproduction/experiment6 </current> <free>   8191 GB </free>   <used>  66314 GB </used> 
</Directories>

<Installation>
     <Version> 2025 2025 </Version>
       <Build> 2024_09_20-07.00.46 RELr427 198590 </Build>
</Installation>

<Callstack>
   1) libABQSMACcoAttributesGuiCommon.so 0x000ba490 ! cow_Virtual<ajbC_Job>::Copy ??:?
   2) libABQSMACcoAttributesGuiCommon.so 0x000bb72b ! cow_COW<ajbC_Job, cow_Virtual<ajbC_Job> >::Get ??:?
   3) libABQSMACcoAttributesGuiCommon.so 0x000c5906 ! mdl_MapOfCowsRepository<cow_String, ajbC_Job>::Get ??:?
   4) libABQSMACkeCaeKerProcedures.so 0x003fad0f ! ajbK_OptimizationIntObj::Submit ??:?
   5) libABQSMAPybPyoModule.so   0x0005479d ! pyo_Method::Makecall ??:?
   6) libpython3.10.so           0x00152c71 ! _PyObject_MakeTpCall ??:?
   7) libpython3.10.so           0x00094c51 ! _PyEval_EvalFrameDefault ??:?
   8) libpython3.10.so           0x00157f18 ! _PyEval_Vector   ??:?
   9) libpython3.10.so           0x00158131 ! PyEval_EvalCode  ??:?
  10) libpython3.10.so           0x001325f9 ! PyBlake2_blake2s ??:?
  11) libpython3.10.so           0x001ed2b8 ! PyBuffer_ToContiguous ??:?
  12) libpython3.10.so           0x0009310b ! _PyEval_EvalFrameDefault ??:?
  13) libpython3.10.so           0x00157f18 ! _PyEval_Vector   ??:?
  14) libpython3.10.so           0x0009310b ! _PyEval_EvalFrameDefault ??:?
  15) libpython3.10.so           0x00157f18 ! _PyEval_Vector   ??:?
  16) libpython3.10.so           0x00158131 ! PyEval_EvalCode  ??:?
  17) libpython3.10.so           0x002481f4 ! PyOS_double_to_string ??:?
  18) libpython3.10.so           0x002483fc ! PyOS_double_to_string ??:?
  19) libpython3.10.so           0x0024ab68 ! PyRun_StringFlags ??:?
  20) libABQSMAPybPyoModule.so   0x00058080 ! pyo_NameSpace::ExecExpression ??:?
  21) libABQSMAInbVwrPyUtils.so  0x0000cea7 ! pyt_InterpreterRole::RunCommand ??:?
  22) libABQSMAInkVwrKer.so      0x0016f598 ! cmdK_CommandDeliveryPrv::ProcessCommand ??:?
  23) libABQSMAInkVwrKer.so      0x00175039 ! cmdK_CommandDeliveryRole::ProcessCommandInternal ??:?
  24) libABQSMAInkVwrKer.so      0x00218dcf ! ker_KernelActor::Main ??:?
  25) libABQSMAInkVwrKer.so      0x0022b7bf ! ker_main         ??:?
  26) ABQcaeK                    0x0042ff12 ! ABQmain          ??:?
  27) ABQcaeK                    0x0042f4a7 ! main             ??:?
</Callstack>


============================================
Complete: Thu Feb 19 12:17:28 MST 2026
============================================
