============================================
Experiment 7d: Hybrid TO (import + CLI)
Started: Thu Feb 19 15:31:33 MST 2026
Node: notch081
which tosca: /uufs/chpc.utah.edu/sys/installdir/abaqus/2025/Commands/tosca
============================================
CWD: /uufs/chpc.utah.edu/common/home/u6074059/Abaqus/paper_reproduction/experiment7/run_7d
Files: airbeam_vol.inp

Abaqus License Manager checked out the following license:
"cae" from Flexnet server ls1.chpc.utah.edu
<7 out of 11 licenses remain available>.

============================================
Exit code: 0
Finished: Thu Feb 19 15:37:26 MST 2026
============================================

Files in run_7d/:
total 715
drwxr-xr-x 2 u6074059 hochhalter   4096 Feb 19 15:37 .
drwxr-xr-x 2 u6074059 hochhalter   4096 Feb 19 15:31 ..
-rw-r--r-- 1 u6074059 hochhalter  10123 Feb 19 15:37 abaqus.rpy
-rw-r--r-- 1 u6074059 hochhalter  90112 Feb 19 15:37 airbeam_7d.cae
-rw-r--r-- 1 u6074059 hochhalter    576 Feb 19 15:31 airbeam_7d.jnl
-rw-r--r-- 1 u6074059 hochhalter   1920 Feb 19 15:31 airbeam_7d.par
drwxr-xr-x 2 u6074059 hochhalter   4096 Feb 19 15:37 airbeam_7d_tosca
-rw-r--r-- 1 u6074059 hochhalter 286847 Feb 19 15:31 airbeam_FEA.inp
-rwxr-xr-x 1 u6074059 hochhalter 336480 Feb 19 15:31 airbeam_vol.inp
-rw-r--r-- 1 u6074059 hochhalter   4122 Feb 19 15:37 authorization.log

=== abaqus.rpy (script output) ===
# -*- coding: mbcs -*-
#
# Abaqus/CAE Release 2025 replay file
# Internal Version: 2024_09_20-07.00.46 RELr427 198590
# Run by u6074059 on Thu Feb 19 15:31:35 2026
#

# from driverUtils import executeOnCaeGraphicsStartup
# executeOnCaeGraphicsStartup()
#: Executing "onCaeGraphicsStartup()" in the site directory ...
from abaqus import *
from abaqusConstants import *
session.Viewport(name='Viewport: 1', origin=(1.36719, 1.36719), width=201.25, 
    height=135.625)
session.viewports['Viewport: 1'].makeCurrent()
from driverUtils import executeOnCaeStartup
executeOnCaeStartup()
execfile(
    '/uufs/chpc.utah.edu/common/home/u6074059/Abaqus/paper_reproduction/experiment7/scripts/run_7d.py', 
    __main__.__dict__)
#: ======================================================================
#:   [1/6] Import airbeam_vol.inp into CAE
#: ======================================================================
#: The model "airbeam" has been created.
#: The part "PART-1" has been imported from the input file.
#: The model "airbeam" has been imported from an input file. 
#: Please scroll up to check for error and warning messages.
#:   [OK] ModelFromInputFile
#:   Parts: ['PART-1']
#:   Instances: ['PART-1-1']
#:   Assembly sets: ['FORCE1', 'FROZEN_ELEMENTS', 'SPC11', 'SPC13']
#:   Steps: ['Initial', 'Step-1']
#: ======================================================================
#:   [2/6] Create prototype job + writeInput()
#: ======================================================================
#:   [OK] Prototype Job
#:   [OK] Job.writeInput()
#:   Generated: airbeam_FEA.inp (286847 bytes)
#: ======================================================================
#:   [3/6] Generate Tosca .par file
#: ======================================================================
#:   Using original flat .inp: airbeam_vol.inp (Tosca-compatible format)
#:   Generated: airbeam_7d.par (1920 bytes)
#: 
#:   .par content:
#: ! Experiment 7d: Topology Optimization via CAE import + manual .par
#: ! Generated by run_7d.py (hybrid approach)
#: ! Uses original flat-format airbeam_vol.inp (Tosca-compatible)
#: 
#: FEM_INPUT
#:   ID_NAME                = OPTIMIZATION_MODEL
#:   FILE                   = airbeam_vol.inp
#: END_
#: 
#: DV_TOPO
#:   ID_NAME                = design_variables
#:   EL_GROUP               = ALL_ELEMENTS
#: END_
#: 
#: DVCON_TOPO
#:   ID_NAME                = dvcon_frozen
#:   EL_GROUP               = frozen_elements
#:   CHECK_TYPE             = FROZEN
#: END_
#: 
#: DRESP
#:   ID_NAME                = DRESP_STRAIN_ENERGY
#:   DEF_TYPE               = SYSTEM
#:   TYPE                   = STRAIN_ENERGY
#:   EL_GROUP               = ALL_ELEMENTS
#:   GROUP_OPER             = SUM
#: END_
#: 
#: DRESP
#:   ID_NAME                = DRESP_VOLUME
#:   DEF_TYPE               = SYSTEM
#:   TYPE                   = VOLUME
#:   EL_GROUP               = ALL_ELEMENTS
#:   GROUP_OPER             = SUM
#: END_
#: 
#: OBJ_FUNC
#:   ID_NAME                = min_SE
#:   DRESP                  = DRESP_STRAIN_ENERGY
#:   TARGET                 = MIN
#: END_
#: 
#: CONSTRAINT
#:   ID_NAME                = vol_constraint
#:   DRESP                  = DRESP_VOLUME
#:   MAGNITUDE              = REL
#:   LE_VALUE               = 0.5
#: END_
#: 
#: OPTIMIZE
#:   ID_NAME                = topology_optimization
#:   DV                     = design_variables
#:   OBJ_FUNC               = min_SE
#:   DVCON                  = dvcon_frozen
#:   CONSTRAINT             = vol_constraint
#:   STRATEGY               = TOPO_SENSITIVITY
#: END_
#: 
#: OPT_PARAM
#:   ID_NAME                = OPT_PARAMS
#:   OPTIMIZE               = TOPOLOGY_OPTIMIZATION
#: END_
#: 
#: STOP
#:   ID_NAME                = global_stop
#:   ITER_MAX               = 80
#: END_
#: 
#: SMOOTH
#:   ID_NAME                = ISO_SMOOTHING
#:   TASK                   = iso
#:   ISO_VALUE              = 0.3
#:   SELF_INTERSECTION_CHECK = runtime
#:   SMOOTH_CYCLES          = 10
#:   REDUCTION_RATE         = 60
#:   REDUCTION_ANGLE        = 5.0
#:   FORMAT                 = stl
#: END_
#: ======================================================================
#:   [4/6] Save CAE
#: ======================================================================
#: The model database has been saved to "/uufs/chpc.utah.edu/common/home/u6074059/Abaqus/paper_reproduction/experiment7/run_7d/airbeam_7d.cae".
#:   [OK] saveAs
#: ======================================================================
#:   [5/6] Run 'tosca optimize' via CLI
#: ======================================================================
#:   Running: tosca optimize -j airbeam_7d_tosca -p airbeam_7d.par -s abaqus -scpus 1
#:   tosca exit code: 0
#:   ... (187 lines total, showing last 50)
#:   (NOTICE  ) [15:35:23|tosca_driver] Starting Abaqus analysis - design cycle 39
#:   (NOTICE  ) [15:35:25|tosca_driver] Starting Tosca Structure optimization module - design cycle 39
#:   (NOTICE  ) [15:35:30|tosca_driver] Design cycle 40 started on 2026-02-19
#:   (NOTICE  ) [15:35:30|tosca_driver] Starting Abaqus analysis - design cycle 40
#:   (NOTICE  ) [15:35:32|tosca_driver] Starting Tosca Structure optimization module - design cycle 40
#:   (NOTICE  ) [15:35:39|tosca_driver] Design cycle 41 started on 2026-02-19
#:   (NOTICE  ) [15:35:39|tosca_driver] Starting Abaqus analysis - design cycle 41
#:   (NOTICE  ) [15:35:40|tosca_driver] Starting Tosca Structure optimization module - design cycle 41
#:   (NOTICE  ) [15:35:46|tosca_driver] Design cycle 42 started on 2026-02-19
#:   (NOTICE  ) [15:35:46|tosca_driver] Starting Abaqus analysis - design cycle 42
#:   (NOTICE  ) [15:35:48|tosca_driver] Starting Tosca Structure optimization module - design cycle 42
#:   (NOTICE  ) [15:35:54|tosca_driver] Design cycle 43 started on 2026-02-19
#:   (NOTICE  ) [15:35:54|tosca_driver] Starting Abaqus analysis - design cycle 43
#:   (NOTICE  ) [15:35:56|tosca_driver] Starting Tosca Structure optimization module - design cycle 43
#:   (NOTICE  ) [15:36:02|tosca_driver] Design cycle 44 started on 2026-02-19
#:   (NOTICE  ) [15:36:02|tosca_driver] Starting Abaqus analysis - design cycle 44
#:   (NOTICE  ) [15:36:04|tosca_driver] Starting Tosca Structure optimization module - design cycle 44
#:   (NOTICE  ) [15:36:10|tosca_driver] Design cycle 45 started on 2026-02-19
#:   (NOTICE  ) [15:36:10|tosca_driver] Starting Abaqus analysis - design cycle 45
#:   (NOTICE  ) [15:36:13|tosca_driver] Starting Tosca Structure optimization module - design cycle 45
#:   (NOTICE  ) [15:36:17|tosca_driver] Design cycle 46 started on 2026-02-19
#:   (NOTICE  ) [15:36:17|tosca_driver] Starting Abaqus analysis - design cycle 46
#:   (NOTICE  ) [15:36:19|tosca_driver] Starting Tosca Structure optimization module - design cycle 46
#:   (NOTICE  ) [15:36:25|tosca_driver] Design cycle 47 started on 2026-02-19
#:   (NOTICE  ) [15:36:25|tosca_driver] Starting Abaqus analysis - design cycle 47
#:   (NOTICE  ) [15:36:27|tosca_driver] Starting Tosca Structure optimization module - design cycle 47
#:   (NOTICE  ) [15:36:32|tosca_driver] Design cycle 48 started on 2026-02-19
#:   (NOTICE  ) [15:36:33|tosca_driver] Starting Abaqus analysis - design cycle 48
#:   (NOTICE  ) [15:36:34|tosca_driver] Starting Tosca Structure optimization module - design cycle 48
#:   (NOTICE  ) [15:36:40|tosca_driver] Design cycle 49 started on 2026-02-19
#:   (NOTICE  ) [15:36:40|tosca_driver] Starting Abaqus analysis - design cycle 49
#:   (NOTICE  ) [15:36:42|tosca_driver] Starting Tosca Structure optimization module - design cycle 49
#:   (NOTICE  ) [15:36:49|tosca_driver] Design cycle 50 started on 2026-02-19
#:   (NOTICE  ) [15:36:49|tosca_driver] Starting Abaqus analysis - design cycle 50
#:   (NOTICE  ) [15:36:51|tosca_driver] Starting Tosca Structure optimization module - design cycle 50
#:   (NOTICE  ) [15:36:57|tosca_driver] Design cycle 51 started on 2026-02-19
#:   (NOTICE  ) [15:36:57|tosca_driver] Starting Abaqus analysis - design cycle 51
#:   (NOTICE  ) [15:36:59|tosca_driver] Starting Tosca Structure optimization module - design cycle 51
#:   (NOTICE  ) [15:37:06|tosca_driver] Design cycle 52 started on 2026-02-19
#:   (NOTICE  ) [15:37:06|tosca_driver] Starting Abaqus analysis - design cycle 52
#:   (NOTICE  ) [15:37:08|tosca_driver] Starting Tosca Structure optimization module - design cycle 52
#:   (NOTICE  ) [15:37:14|tosca_driver] Design cycle 53 started on 2026-02-19
#:   (NOTICE  ) [15:37:14|tosca_driver] Starting Abaqus analysis - design cycle 53
#:   (NOTICE  ) [15:37:16|tosca_driver] Starting Tosca Structure optimization module - design cycle 53
#:   (NOTICE  ) [15:37:22|tosca_driver] Last design cycle completed
#:   (NOTICE  ) [15:37:22|tosca_driver] Stopping solver process
#:   (NOTICE  ) [15:37:23|tosca_driver] Starting Tosca Structure report module
#:   (NOTICE  ) [15:37:24|tosca_driver] Starting Tosca Structure smooth module
#:   (NOTICE  ) [15:37:25|tosca_driver] Application finished successfully
#:   
#: ======================================================================
#:   [6/6] Summary
#: ======================================================================
#:   Import .inp:    OK
#:   writeInput():   OK
#:   Generate .par:  OK
#:   tosca optimize: OK (exit 0)
#: 
#:   Files in CWD:
#:     abaqus.rpy (9305 bytes)
#:     abaqus_acis.log (0 bytes)
#:     airbeam_7d.cae (1048576 bytes)
#:     airbeam_7d.jnl (576 bytes)
#:     airbeam_7d.par (1920 bytes)
#:     airbeam_7d_tosca/ (dir)
#:     airbeam_FEA.inp (286847 bytes)
#:     airbeam_vol.inp (336480 bytes)
#:     authorization.log (4122 bytes)
#: 
#:   Contents of airbeam_7d_tosca/
#:     SAVE.dat
#:     SAVE.inp
#:     SAVE.msg
#:     SAVE.onf
#:     SAVE.sta
#:     TOSCA.OUT
#:     TOSCA_POST
#:     airbeam_7d.par
#:     airbeam_vol.inp
#:     fe_mtx_database.idx
#:     fe_mtx_database.vtm
#:     opt_res_database.idx
#:     opt_res_database.vtm
#:     optimization_report.csv
#:     optimization_status_all.csv
#:     resume_database.idx
#:     resume_database.vtm
#: 
#: Experiment 7d finished.
print('RT script done')
#: RT script done

=== Contents of ./airbeam_7d_tosca/ ===
total 54886
drwxr-xr-x 2 u6074059 hochhalter     4096 Feb 19 15:37 .
drwxr-xr-x 2 u6074059 hochhalter     4096 Feb 19 15:37 ..
-rw-r--r-- 1 u6074059 hochhalter     1920 Feb 19 15:31 airbeam_7d.par
-rw-r--r-- 1 u6074059 hochhalter   336480 Feb 19 15:31 airbeam_vol.inp
-rw-r--r-- 1 u6074059 hochhalter    13256 Feb 19 15:37 fe_mtx_database.idx
-rw-r--r-- 1 u6074059 hochhalter  2293760 Feb 19 15:37 fe_mtx_database.vtm
-rw-r--r-- 1 u6074059 hochhalter     2871 Feb 19 15:37 optimization_report.csv
-rw-r--r-- 1 u6074059 hochhalter     7344 Feb 19 15:37 optimization_status_all.csv
-rw-r--r-- 1 u6074059 hochhalter    83344 Feb 19 15:37 opt_res_database.idx
-rw-r--r-- 1 u6074059 hochhalter 29032448 Feb 19 15:37 opt_res_database.vtm
-rw-r--r-- 1 u6074059 hochhalter    57968 Feb 19 15:37 resume_database.idx
-rw-r--r-- 1 u6074059 hochhalter 23789568 Feb 19 15:37 resume_database.vtm
drwxr-xr-x 2 u6074059 hochhalter     4096 Feb 19 15:37 SAVE.dat
drwxr-xr-x 2 u6074059 hochhalter     4096 Feb 19 15:37 SAVE.inp
drwxr-xr-x 2 u6074059 hochhalter     4096 Feb 19 15:37 SAVE.msg
drwxr-xr-x 2 u6074059 hochhalter     4096 Feb 19 15:37 SAVE.onf
drwxr-xr-x 2 u6074059 hochhalter     4096 Feb 19 15:37 SAVE.sta
-rw-r--r-- 1 u6074059 hochhalter   582478 Feb 19 15:37 TOSCA.OUT
drwxr-xr-x 2 u6074059 hochhalter     4096 Feb 19 15:37 TOSCA_POST
